
exports[`serialize/deserialize works 1`] = `"{\\"$r\\":1,\\"$t\\":\\"Object\\",\\"$v\\":{\\"a\\":123,\\"b\\":{\\"$r\\":2,\\"$t\\":\\"Foo\\",\\"$v\\":{\\"a\\":2}},\\"c\\":{\\"$r\\":3,\\"$t\\":\\"Date\\",\\"$v\\":\\"1970-01-01T00:00:00.123Z\\"}}}"`;

exports[`serialize/deserialize works 2`] = `
Object {
  "a": 123,
  "b": Object {
    "a": 2,
  },
  "c": 1970-01-01T00:00:00.123Z,
}
`;

exports[`serialize/deserialize preserves references 1`] = `"{\\"$r\\":1,\\"$t\\":\\"Object\\",\\"$v\\":{\\"a\\":123,\\"b\\":{\\"$r\\":2,\\"$t\\":\\"Foo\\",\\"$v\\":{\\"a\\":2}},\\"c\\":{\\"$r\\":3,\\"$t\\":\\"Date\\",\\"$v\\":\\"1970-01-01T00:00:00.123Z\\"},\\"d\\":{\\"$p\\":2}}}"`;

exports[`serialize/deserialize preserves references 2`] = `
Object {
  "a": 123,
  "b": Object {
    "a": 2,
  },
  "c": 1970-01-01T00:00:00.123Z,
  "d": Object {
    "a": 2,
  },
}
`;

exports[`serialize/deserialize common types 1`] = `"{\\"$r\\":1,\\"$t\\":\\"Object\\",\\"$v\\":{\\"a\\":123,\\"b\\":{\\"$r\\":2,\\"$t\\":\\"Date\\",\\"$v\\":\\"1970-01-01T00:00:00.123Z\\"},\\"c\\":{\\"$r\\":3,\\"$t\\":\\"Map\\",\\"$v\\":[{\\"$r\\":4,\\"$t\\":\\"Array\\",\\"$v\\":[1,2]},{\\"$r\\":5,\\"$t\\":\\"Array\\",\\"$v\\":[3,4]}]},\\"d\\":{\\"$r\\":6,\\"$t\\":\\"Set\\",\\"$v\\":[1,2,3,4]}}}"`;

exports[`serialize/deserialize common types 2`] = `
Object {
  "a": 123,
  "b": 1970-01-01T00:00:00.123Z,
  "c": Map {
    1 => 2,
    3 => 4,
  },
  "d": Set {
    1,
    2,
    3,
    4,
  },
}
`;

exports[`serialize/deserialize top level map 1`] = `"{\\"$r\\":1,\\"$t\\":\\"Map\\",\\"$v\\":[{\\"$r\\":2,\\"$t\\":\\"Array\\",\\"$v\\":[1,2]},{\\"$r\\":3,\\"$t\\":\\"Array\\",\\"$v\\":[3,4]}]}"`;

exports[`serialize/deserialize top level map 2`] = `
Map {
  1 => 2,
  3 => 4,
}
`;

exports[`serialize/deserialize refs in maps and sets 1`] = `"{\\"$r\\":1,\\"$t\\":\\"Object\\",\\"$v\\":{\\"a\\":{\\"$r\\":2,\\"$t\\":\\"Object\\",\\"$v\\":{\\"hello\\":\\"world\\"}},\\"b\\":{\\"$r\\":3,\\"$t\\":\\"Date\\",\\"$v\\":\\"1970-01-01T00:00:00.123Z\\"},\\"c\\":{\\"$r\\":4,\\"$t\\":\\"Map\\",\\"$v\\":[{\\"$r\\":5,\\"$t\\":\\"Array\\",\\"$v\\":[1,{\\"$p\\":2}]},{\\"$r\\":6,\\"$t\\":\\"Array\\",\\"$v\\":[2,{\\"$r\\":7,\\"$t\\":\\"Array\\",\\"$v\\":[1,2,3]}]}]},\\"d\\":{\\"$r\\":8,\\"$t\\":\\"Set\\",\\"$v\\":[1,2,{\\"$p\\":2},4]},\\"e\\":{\\"$p\\":7},\\"f\\":{\\"$r\\":9,\\"$t\\":\\"Array\\",\\"$v\\":[1,2,{\\"$p\\":2}]}}}"`;

exports[`serialize/deserialize refs in maps and sets 2`] = `
Object {
  "a": Object {
    "hello": "world",
  },
  "b": 1970-01-01T00:00:00.123Z,
  "c": Map {
    1 => [Circular],
    2 => Array [
      1,
      2,
      3,
    ],
  },
  "d": Set {
    1,
    2,
    [Circular],
    4,
  },
  "e": Array [
    1,
    2,
    3,
  ],
  "f": Array [
    1,
    2,
    [Circular],
  ],
}
`;

exports[`serialize/deserialize refs in maps keys 1`] = `"{\\"$r\\":1,\\"$t\\":\\"Object\\",\\"$v\\":{\\"a\\":{\\"$r\\":2,\\"$t\\":\\"Map\\",\\"$v\\":[{\\"$r\\":3,\\"$t\\":\\"Array\\",\\"$v\\":[{\\"$r\\":4,\\"$t\\":\\"Object\\",\\"$v\\":{\\"hello\\":\\"world\\"}},{\\"$r\\":5,\\"$t\\":\\"Object\\",\\"$v\\":{\\"one\\":\\"two\\"}}]}]}}}"`;

exports[`serialize/deserialize refs in maps keys 2`] = `
Object {
  "a": Map {
    Object {
      "hello": "world",
    } => Object {
      "one": "two",
    },
  },
}
`;

exports[`serialize/deserialize cross refs 1`] = `"{\\"$r\\":1,\\"$t\\":\\"Object\\",\\"$v\\":{\\"a\\":{\\"$r\\":2,\\"$t\\":\\"Object\\",\\"$v\\":{\\"hello\\":\\"world\\",\\"bar\\":{\\"$r\\":3,\\"$t\\":\\"Object\\",\\"$v\\":{\\"one\\":\\"two\\",\\"b\\":{\\"$p\\":2}}}}},\\"b\\":{\\"$p\\":3},\\"c\\":{\\"$p\\":2},\\"d\\":{\\"$r\\":4,\\"$t\\":\\"Object\\",\\"$v\\":{\\"a\\":{\\"$p\\":2},\\"b\\":{\\"$p\\":3}}}}}"`;

exports[`serialize/deserialize cross refs 2`] = `
Object {
  "a": Object {
    "bar": Object {
      "b": [Circular],
      "one": "two",
    },
    "hello": "world",
  },
  "b": Object {
    "b": [Circular],
    "one": "two",
  },
  "c": Object {
    "bar": [Circular],
    "hello": "world",
  },
  "d": Object {
    "a": [Circular],
    "b": [Circular],
  },
}
`;

exports[`serialize/deserialize array 1`] = `"{\\"$r\\":1,\\"$t\\":\\"Array\\",\\"$v\\":[{\\"$r\\":2,\\"$t\\":\\"Object\\",\\"$v\\":{\\"a\\":123,\\"b\\":{\\"$r\\":3,\\"$t\\":\\"Date\\",\\"$v\\":\\"1970-01-01T00:00:00.123Z\\"},\\"c\\":{\\"$r\\":4,\\"$t\\":\\"Map\\",\\"$v\\":[{\\"$r\\":5,\\"$t\\":\\"Array\\",\\"$v\\":[1,2]},{\\"$r\\":6,\\"$t\\":\\"Array\\",\\"$v\\":[3,4]}]},\\"d\\":{\\"$r\\":7,\\"$t\\":\\"Set\\",\\"$v\\":[1,2,3,4]}}}]}"`;

exports[`serialize/deserialize array 2`] = `
Array [
  Object {
    "a": 123,
    "b": 1970-01-01T00:00:00.123Z,
    "c": Map {
      1 => 2,
      3 => 4,
    },
    "d": Set {
      1,
      2,
      3,
      4,
    },
  },
]
`;

exports[`serialize/deserialize plugs and cables 1`] = `"{\\"$r\\":1,\\"$t\\":\\"Object\\",\\"$v\\":{\\"output\\":{\\"$r\\":2,\\"$t\\":\\"Plug\\",\\"$v\\":{\\"plugKind\\":\\"output\\",\\"cableKind\\":\\"audio\\",\\"cables\\":{\\"$r\\":3,\\"$t\\":\\"Map\\",\\"$v\\":[{\\"$r\\":4,\\"$t\\":\\"Array\\",\\"$v\\":[{\\"$r\\":5,\\"$t\\":\\"Cable\\",\\"$v\\":{\\"id\\":0,\\"plugs\\":{\\"$r\\":6,\\"$t\\":\\"Set\\",\\"$v\\":[{\\"$p\\":2},{\\"$r\\":7,\\"$t\\":\\"Plug\\",\\"$v\\":{\\"plugKind\\":\\"input\\",\\"cableKind\\":\\"audio\\",\\"cables\\":{\\"$r\\":8,\\"$t\\":\\"Map\\",\\"$v\\":[{\\"$r\\":9,\\"$t\\":\\"Array\\",\\"$v\\":[{\\"$p\\":5},{\\"$p\\":2}]}]}}}]},\\"outputCh\\":0,\\"inputCh\\":0,\\"gain\\":1}},{\\"$p\\":7}]}]}}},\\"input\\":{\\"$p\\":7}}}"`;

exports[`serialize/deserialize plugs and cables 2`] = `
Object {
  "input": Plug {
    "cableKind": "audio",
    "cables": Map {
      Cable {
        "gain": 1,
        "id": 0,
        "inputCh": 0,
        "outputCh": 0,
        "plugs": Set {
          [Circular],
          Plug {
            "cableKind": "audio",
            "cables": Map {
              [Circular] => [Circular],
            },
            "plugKind": "output",
          },
        },
      } => Plug {
        "cableKind": "audio",
        "cables": Map {
          [Circular] => [Circular],
        },
        "plugKind": "output",
      },
    },
    "plugKind": "input",
  },
  "output": Plug {
    "cableKind": "audio",
    "cables": Map {
      Cable {
        "gain": 1,
        "id": 0,
        "inputCh": 0,
        "outputCh": 0,
        "plugs": Set {
          [Circular],
          [Circular],
        },
      } => [Circular],
    },
    "plugKind": "output",
  },
}
`;

exports[`serialize/deserialize quirky 1`] = `"{\\"$r\\":1,\\"$t\\":\\"Object\\",\\"$v\\":{\\"a\\":{\\"$r\\":2,\\"$t\\":\\"Map\\",\\"$v\\":[{\\"$r\\":3,\\"$t\\":\\"Array\\",\\"$v\\":[{\\"$r\\":4,\\"$t\\":\\"Set\\",\\"$v\\":[{\\"$r\\":5,\\"$t\\":\\"Object\\",\\"$v\\":{\\"hello\\":\\"world\\",\\"map\\":{\\"$p\\":2}}},{\\"$p\\":2}]},{\\"$p\\":5}]}]},\\"b\\":{\\"$p\\":4}}}"`;

exports[`serialize/deserialize quirky 2`] = `
Object {
  "a": Map {
    Set {
      Object {
        "hello": "world",
        "map": [Circular],
      },
      [Circular],
    } => Object {
      "hello": "world",
      "map": [Circular],
    },
  },
  "b": Set {
    Object {
      "hello": "world",
      "map": [Circular],
    },
    [Circular],
  },
}
`;

exports[`serialize/deserialize 2 quirky 1`] = `"{\\"$r\\":1,\\"$t\\":\\"Object\\",\\"$v\\":{\\"x\\":{\\"$r\\":2,\\"$t\\":\\"Set\\",\\"$v\\":[{\\"$r\\":3,\\"$t\\":\\"Map\\",\\"$v\\":[{\\"$r\\":4,\\"$t\\":\\"Array\\",\\"$v\\":[{\\"$r\\":5,\\"$t\\":\\"Object\\",\\"$v\\":{\\"hello\\":\\"world\\"}},{\\"$r\\":6,\\"$t\\":\\"Map\\",\\"$v\\":[{\\"$r\\":7,\\"$t\\":\\"Array\\",\\"$v\\":[{\\"$p\\":3},{\\"$p\\":5}]},{\\"$r\\":8,\\"$t\\":\\"Array\\",\\"$v\\":[{\\"$p\\":2},{\\"$p\\":5}]}]}]},{\\"$r\\":9,\\"$t\\":\\"Array\\",\\"$v\\":[{\\"$p\\":6},{\\"$p\\":5}]}]},{\\"$p\\":6},{\\"$p\\":5},{\\"x\\":{\\"$p\\":2},\\"a\\":{\\"$p\\":6},\\"b\\":{\\"$p\\":3}},{\\"$p\\":2}]},\\"a\\":{\\"$p\\":6},\\"b\\":{\\"$p\\":3}}}"`;

exports[`serialize/deserialize 2 quirky 2`] = `
Object {
  "a": Map {
    Map {
      Object {
        "hello": "world",
      } => [Circular],
      [Circular] => Object {
        "hello": "world",
      },
    } => Object {
      "hello": "world",
    },
    Set {
      [Circular],
      [Circular],
      [Circular],
      Object {
        "a": [Circular],
        "b": [Circular],
        "x": [Circular],
      },
      [Circular],
    } => Object {
      "hello": "world",
    },
  },
  "b": Map {
    Object {
      "hello": "world",
    } => [Circular],
    [Circular] => Object {
      "hello": "world",
    },
  },
  "x": Set {
    [Circular],
    [Circular],
    Object {
      "hello": "world",
    },
    Object {
      "a": [Circular],
      "b": [Circular],
      "x": [Circular],
    },
    [Circular],
  },
}
`;
